// Vitest Snapshot v1, https://vitest.dev/guide/snapshot.html

exports[`card configuration > snapshots registered card metadata 1`] = `
[
  {
    "editorTag": "github-insights-card-editor",
    "kind": "insights",
    "tag": "github-insights-card",
  },
  {
    "editorTag": "github-insights-repository-card-editor",
    "kind": "repository",
    "tag": "github-insights-repository-card",
  },
]
`;
